2025-08-27 10:42:38,337 - INFO - 开始运行医生爬虫脚本
2025-08-27 10:42:38,337 - INFO - 开始爬取第 1 页
2025-08-27 10:42:38,337 - INFO - 正在获取第 1 页医生列表，关键词：妇产科
2025-08-27 10:42:38,964 - INFO - 成功获取 10 位医生信息
2025-08-27 10:42:38,964 - INFO - 正在处理医生：徐凯
2025-08-27 10:42:38,964 - INFO - 构建医生健康页面URL：https://jiankang.baidu.com/decision/pages/expert/newHome/index?doc_id=pvjod8j3qog4t30035jg
2025-08-27 10:42:38,964 - INFO - 正在获取医生 888243 的个人主页
2025-08-27 10:42:39,228 - INFO - 成功获取医生个人主页：https://author.baidu.com/home?context=%7B%22from%22%3A+%22expert_home_share%22%2C+%22app_id%22%3A+%221698259672647465%22%7D&lid=1233711274&referlid=9470618434
2025-08-27 10:42:39,229 - INFO - 等待 1.73 秒...
2025-08-27 10:42:40,961 - INFO - 正在处理医生：孙云燕
2025-08-27 10:42:40,962 - INFO - 构建医生健康页面URL：https://jiankang.baidu.com/decision/pages/expert/newHome/index?doc_id=pgbr3gb3qog4t33f10bg
2025-08-27 10:42:40,962 - INFO - 正在获取医生 1458741 的个人主页
2025-08-27 10:42:41,168 - INFO - 成功获取医生个人主页：https://author.baidu.com/home?context=%7B%22from%22%3A+%22expert_home_share%22%2C+%22app_id%22%3A+%221698259672647465%22%7D&lid=3455878375&referlid=4615527218
2025-08-27 10:42:41,168 - INFO - 等待 1.65 秒...
2025-08-27 10:42:42,822 - INFO - 正在处理医生：江燕萍
2025-08-27 10:42:42,822 - INFO - 构建医生健康页面URL：https://jiankang.baidu.com/decision/pages/expert/newHome/index?doc_id=usudqar3qog4t3253me0
2025-08-27 10:42:42,822 - INFO - 正在获取医生 1886081 的个人主页
2025-08-27 10:42:43,043 - INFO - 成功获取医生个人主页：https://author.baidu.com/home?context=%7B%22from%22%3A+%22expert_home_share%22%2C+%22app_id%22%3A+%221698259672647465%22%7D&lid=8881156048&referlid=3170563367
2025-08-27 10:42:43,045 - INFO - 等待 2.79 秒...
2025-08-27 10:42:45,837 - INFO - 正在处理医生：郭煦
2025-08-27 10:42:45,838 - INFO - 构建医生健康页面URL：https://jiankang.baidu.com/decision/pages/expert/newHome/index?doc_id=6t14c333qog4t307jnn0
2025-08-27 10:42:45,838 - INFO - 正在获取医生 542066 的个人主页
2025-08-27 10:42:46,056 - INFO - 成功获取医生个人主页：https://author.baidu.com/home?context=%7B%22from%22%3A+%22expert_home_share%22%2C+%22app_id%22%3A+%221698259672647465%22%7D&lid=6604391774&referlid=9443536661
2025-08-27 10:42:46,056 - INFO - 等待 2.70 秒...
2025-08-27 10:42:48,765 - INFO - 正在处理医生：许文静
2025-08-27 10:42:48,765 - INFO - 构建医生健康页面URL：https://jiankang.baidu.com/decision/pages/expert/newHome/index?doc_id=48gpfp33qog4t350dma0
2025-08-27 10:42:48,765 - INFO - 正在获取医生 1955514 的个人主页
2025-08-27 10:42:49,257 - INFO - 成功获取医生个人主页：https://author.baidu.com/home?context=%7B%22from%22%3A+%22expert_home_share%22%2C+%22app_id%22%3A+%221698259672647465%22%7D&lid=1033796332&referlid=5795569448
2025-08-27 10:42:49,257 - INFO - 等待 2.39 秒...
2025-08-27 10:42:51,647 - INFO - 正在处理医生：孔令英
2025-08-27 10:42:51,647 - INFO - 构建医生健康页面URL：https://jiankang.baidu.com/decision/pages/expert/newHome/index?doc_id=6t6j9s33qog4t37o9fj0
2025-08-27 10:42:51,647 - INFO - 正在获取医生 554706 的个人主页
2025-08-27 10:42:51,869 - INFO - 成功获取医生个人主页：https://author.baidu.com/home?context=%7B%22from%22%3A+%22expert_home_share%22%2C+%22app_id%22%3A+%221698259672647465%22%7D&lid=6788053569&referlid=5689352945
2025-08-27 10:42:51,869 - INFO - 等待 2.27 秒...
2025-08-27 10:42:54,141 - INFO - 正在处理医生：梁爽
2025-08-27 10:42:54,141 - INFO - 构建医生健康页面URL：https://jiankang.baidu.com/decision/pages/expert/newHome/index?doc_id=mm3nc5j3qog4t331i8cg
2025-08-27 10:42:54,141 - INFO - 正在获取医生 959366 的个人主页
2025-08-27 10:42:54,300 - INFO - 成功获取医生个人主页：https://author.baidu.com/home?context=%7B%22from%22%3A+%22expert_home_share%22%2C+%22app_id%22%3A+%221698259672647465%22%7D&lid=6153190174&referlid=7628359225
2025-08-27 10:42:54,300 - INFO - 等待 2.60 秒...
2025-08-27 10:42:56,903 - INFO - 正在处理医生：张励
2025-08-27 10:42:56,904 - INFO - 构建医生健康页面URL：https://jiankang.baidu.com/decision/pages/expert/newHome/index?doc_id=pdsncpr3qog4t35crug0
2025-08-27 10:42:56,904 - INFO - 正在获取医生 1973626 的个人主页
2025-08-27 10:42:57,228 - INFO - 成功获取医生个人主页：https://author.baidu.com/home?context=%7B%22from%22%3A+%22expert_home_share%22%2C+%22app_id%22%3A+%221698259672647465%22%7D&lid=3099016151&referlid=5126906942
2025-08-27 10:42:57,228 - INFO - 等待 2.58 秒...
2025-08-27 10:42:59,813 - INFO - 正在处理医生：陈海楠
2025-08-27 10:42:59,814 - INFO - 构建医生健康页面URL：https://jiankang.baidu.com/decision/pages/expert/newHome/index?doc_id=fpv27dj3qog4t37v1vj0
2025-08-27 10:42:59,814 - INFO - 正在获取医生 2319709 的个人主页
2025-08-27 10:42:59,980 - INFO - 成功获取医生个人主页：https://author.baidu.com/home?context=%7B%22from%22%3A+%22expert_home_share%22%2C+%22app_id%22%3A+%221698259672647465%22%7D&lid=9659269754&referlid=7311866206
2025-08-27 10:42:59,980 - INFO - 等待 1.23 秒...
2025-08-27 10:43:01,214 - INFO - 正在处理医生：蔡斌
2025-08-27 10:43:01,214 - INFO - 构建医生健康页面URL：https://jiankang.baidu.com/decision/pages/expert/newHome/index?doc_id=h01e9gr3qog4t33drb60
2025-08-27 10:43:01,214 - INFO - 正在获取医生 1518129 的个人主页
2025-08-27 10:43:01,388 - INFO - 成功获取医生个人主页：https://author.baidu.com/home?context=%7B%22from%22%3A+%22expert_home_share%22%2C+%22app_id%22%3A+%221698259672647465%22%7D&lid=3546968701&referlid=7027960593
2025-08-27 10:43:01,389 - INFO - 等待 1.42 秒...
2025-08-27 10:43:02,818 - INFO - 第 1 页爬取完成，当前共 10 位医生
2025-08-27 10:43:05,415 - INFO - 开始爬取第 2 页
2025-08-27 10:43:05,415 - INFO - 正在获取第 2 页医生列表，关键词：妇产科
2025-08-27 10:43:05,848 - INFO - 成功获取 10 位医生信息
2025-08-27 10:43:05,848 - INFO - 正在处理医生：徐凯
2025-08-27 10:43:05,848 - INFO - 构建医生健康页面URL：https://jiankang.baidu.com/decision/pages/expert/newHome/index?doc_id=pvjod8j3qog4t30035jg
2025-08-27 10:43:05,848 - INFO - 正在获取医生 888243 的个人主页
2025-08-27 10:43:06,033 - INFO - 成功获取医生个人主页：https://author.baidu.com/home?context=%7B%22from%22%3A+%22expert_home_share%22%2C+%22app_id%22%3A+%221698259672647465%22%7D&lid=3589321629&referlid=5902683075
2025-08-27 10:43:06,033 - INFO - 等待 2.86 秒...
2025-08-27 10:43:08,899 - INFO - 正在处理医生：孙云燕
2025-08-27 10:43:08,900 - INFO - 构建医生健康页面URL：https://jiankang.baidu.com/decision/pages/expert/newHome/index?doc_id=pgbr3gb3qog4t33f10bg
2025-08-27 10:43:08,900 - INFO - 正在获取医生 1458741 的个人主页
2025-08-27 10:43:09,275 - INFO - 成功获取医生个人主页：https://author.baidu.com/home?context=%7B%22from%22%3A+%22expert_home_share%22%2C+%22app_id%22%3A+%221698259672647465%22%7D&lid=3896861409&referlid=8738240772
2025-08-27 10:43:09,275 - INFO - 等待 1.67 秒...
2025-08-27 10:43:10,953 - INFO - 正在处理医生：江燕萍
2025-08-27 10:43:10,953 - INFO - 构建医生健康页面URL：https://jiankang.baidu.com/decision/pages/expert/newHome/index?doc_id=usudqar3qog4t3253me0
2025-08-27 10:43:10,954 - INFO - 正在获取医生 1886081 的个人主页
2025-08-27 10:43:11,196 - INFO - 成功获取医生个人主页：https://author.baidu.com/home?context=%7B%22from%22%3A+%22expert_home_share%22%2C+%22app_id%22%3A+%221698259672647465%22%7D&lid=9697727272&referlid=4767268759
2025-08-27 10:43:11,196 - INFO - 等待 1.95 秒...
2025-08-27 10:43:13,161 - INFO - 正在处理医生：郭煦
2025-08-27 10:43:13,161 - INFO - 构建医生健康页面URL：https://jiankang.baidu.com/decision/pages/expert/newHome/index?doc_id=6t14c333qog4t307jnn0
2025-08-27 10:43:13,161 - INFO - 正在获取医生 542066 的个人主页
2025-08-27 10:43:13,436 - INFO - 成功获取医生个人主页：https://author.baidu.com/home?context=%7B%22from%22%3A+%22expert_home_share%22%2C+%22app_id%22%3A+%221698259672647465%22%7D&lid=5061956553&referlid=2156714063
2025-08-27 10:43:13,437 - INFO - 等待 1.83 秒...
2025-08-27 10:43:15,269 - INFO - 正在处理医生：许文静
2025-08-27 10:43:15,269 - INFO - 构建医生健康页面URL：https://jiankang.baidu.com/decision/pages/expert/newHome/index?doc_id=48gpfp33qog4t350dma0
2025-08-27 10:43:15,270 - INFO - 正在获取医生 1955514 的个人主页
2025-08-27 10:43:15,462 - INFO - 成功获取医生个人主页：https://author.baidu.com/home?context=%7B%22from%22%3A+%22expert_home_share%22%2C+%22app_id%22%3A+%221698259672647465%22%7D&lid=8239726079&referlid=8825799992
2025-08-27 10:43:15,463 - INFO - 等待 1.91 秒...
2025-08-27 10:43:17,373 - INFO - 正在处理医生：孔令英
2025-08-27 10:43:17,374 - INFO - 构建医生健康页面URL：https://jiankang.baidu.com/decision/pages/expert/newHome/index?doc_id=6t6j9s33qog4t37o9fj0
2025-08-27 10:43:17,374 - INFO - 正在获取医生 554706 的个人主页
2025-08-27 10:43:17,606 - INFO - 成功获取医生个人主页：https://author.baidu.com/home?context=%7B%22from%22%3A+%22expert_home_share%22%2C+%22app_id%22%3A+%221698259672647465%22%7D&lid=7561853183&referlid=5977039538
2025-08-27 10:43:17,606 - INFO - 等待 2.46 秒...
2025-08-27 10:43:20,072 - INFO - 正在处理医生：梁爽
2025-08-27 10:43:20,072 - INFO - 构建医生健康页面URL：https://jiankang.baidu.com/decision/pages/expert/newHome/index?doc_id=mm3nc5j3qog4t331i8cg
2025-08-27 10:43:20,072 - INFO - 正在获取医生 959366 的个人主页
2025-08-27 10:43:20,384 - INFO - 成功获取医生个人主页：https://author.baidu.com/home?context=%7B%22from%22%3A+%22expert_home_share%22%2C+%22app_id%22%3A+%221698259672647465%22%7D&lid=8733370810&referlid=6258519284
2025-08-27 10:43:20,384 - INFO - 等待 1.83 秒...
2025-08-27 10:43:21,685 - INFO - 用户中断爬取
2025-08-27 10:43:21,685 - INFO - 爬虫脚本运行结束
